// Jest Snapshot v1, https://goo.gl/fbAQLP

exports[`App should match snapshot 1`] = `
<div>
  <main
    class="debug-screens bg-white min-h-full"
    role="main"
  >
    <section
      class="mx-3 sm:mx-12"
    >
      <div />
      <p>
        No transactions were found for this wallet!
      </p>
    </section>
  </main>
  <footer
    class="bg-gray-light flex items-center justify-center p-4 fixed bottom-0 w-full z-100 text-black-dark"
  >
    <span>
      2020 © ARK.io | All rights reserved
    </span>
  </footer>
</div>
`;
