// Jest Snapshot v1, https://goo.gl/fbAQLP

exports[`App should match snapshot 1`] = `
<div>
  <main
    class="debug-screens bg-white min-h-70vh"
    role="main"
  >
    <section
      class="m-12"
    >
      <div />
      <div />
    </section>
  </main>
  <footer
    class="bg-gray-100 min-h-10vh flex items-center justify-center"
  >
    <span>
      2020 © ARK.io | All rights reserved
    </span>
  </footer>
</div>
`;
