// Jest Snapshot v1, https://goo.gl/fbAQLP

exports[`FeeInput should match snapshot 1`] = `
<div>
  <label
    for="fee"
  >
    Fee:
  </label>
  <input
    placeholder="Simple Text"
    role="textbox"
    value=""
  />
  <input
    id="fee"
    min="0"
    name="fee"
    role="slider"
    step="0.00000001"
    type="range"
    value=""
  />
</div>
`;
