// Jest Snapshot v1, https://goo.gl/fbAQLP

exports[`FeeInput should match snapshot 1`] = `
<div>
  <section
    class="p-12 w-1/2"
  >
    <button
      class="BackButton__StyledBackButton-tw1zv6-0 eIXjtA mb-4"
    >
      <div
        class="sc-bdfBwQ iyevwF mx-auto"
        height="20"
        width="20"
      >
        <svg>
          arrow-left.svg
        </svg>
      </div>
    </button>
    <label
      class="text-black-dark pl-6 leading-relaxed font-semibold"
    >
      Fee
    </label>
    <section>
      <input
        class="p-4 text-gray-darkest hover:border-green-darkest border-gray-darkest border border-solid rounded-50vh w-full focus:outline-none"
        placeholder="currency: DARK"
        role="textbox"
        value="currency: DARK"
      />
      <section
        class="px-6"
      >
        <div
          class="FeeInput__SliderWrapper-sc-1tci9nq-0 kMhBBq"
        >
          <input
            id="fee"
            max="5"
            min="0"
            name="fee"
            role="slider"
            step="0.00000001"
            type="range"
            value="0"
          />
        </div>
      </section>
    </section>
  </section>
</div>
`;
