// Jest Snapshot v1, https://goo.gl/fbAQLP

exports[`Footer should match snapshot 1`] = `
<div>
  <tr
    class="TableRow__TableRowStyled-sc-1p89o19-0 iRdKeT"
    data-testid="TableRow"
  >
    <td
      class="md:py-2 md:w-4"
    >
      <div
        class="TableCell__TableCellInnerWrapper-sc-12y9mmp-0 hQDHYv justify-end md:justify-start"
      >
        <a
          class="text-green-dark hover:text-green-darkest active:text-green-light font-semibold hover:underline"
          href="https://explorer.ark.io/transaction/77a740c7517ae164b35e4e28da7251543d9d98e34e90d3baf604fc582159c352"
        >
          <span
            class="table-cell lg:table-cell md:hidden"
          >
            77a74...9c352
          </span>
          <div
            class="sc-bdfBwQ iyevwF hidden lg:hidden md:table-cell"
            height="20"
            width="20"
          >
            <svg>
              txid.svg
            </svg>
          </div>
        </a>
      </div>
    </td>
    <td>
      <div
        class="TableCell__TableCellInnerWrapper-sc-12y9mmp-0 hQDHYv justify-end md:justify-start md:border-l border-theme-secondary-300"
      >
        <a
          class="text-green-dark hover:text-green-darkest active:text-green-light font-semibold hover:underline"
          href="https://explorer.ark.io/wallets/AReY3W6nTv3utiG2em5nefKEsGQeqEVPN4"
        >
          <span
            class="hidden sm:block md:hidden"
          >
            AReY3W6nTv3utiG2em5nefKEsGQeqEVPN4
          </span>
          <span
            class="block sm:hidden md:block"
          >
            AReY3...EVPN4
          </span>
        </a>
      </div>
    </td>
    <td>
      <div
        class="TableCell__TableCellInnerWrapper-sc-12y9mmp-0 hQDHYv justify-end md:justify-start md:border-l border-theme-secondary-300"
      >
        <a
          class="text-green-dark hover:text-green-darkest active:text-green-light font-semibold hover:underline"
          href="https://explorer.ark.io/wallets/AdzbhuDTyhnfAqepZzVcVsgd1Ym6FgETuW"
        >
          <span
            class="hidden sm:block md:hidden"
          >
            AdzbhuDTyhnfAqepZzVcVsgd1Ym6FgETuW
          </span>
          <span
            class="block sm:hidden md:block"
          >
            Adzbh...gETuW
          </span>
        </a>
      </div>
    </td>
    <td
      class="hidden xl:table-cell"
    >
      <div
        class="TableCell__TableCellInnerWrapper-sc-12y9mmp-0 hQDHYv justify-end md:justify-center md:border-l border-theme-secondary-300"
      >
        2021-04-01T11:41:20.000Z
      </div>
    </td>
    <td>
      <div
        class="TableCell__TableCellInnerWrapper-sc-12y9mmp-0 hQDHYv justify-end md:border-l border-theme-secondary-300"
      >
        <span
          data-testid="transaction__fee__Amount"
        >
          1,000,000 DARK
        </span>
      </div>
    </td>
    <td
      class="hidden lg:table-cell"
    >
      <div
        class="TableCell__TableCellInnerWrapper-sc-12y9mmp-0 hQDHYv justify-end md:border-l border-theme-secondary-300"
      >
        <span
          data-testid="transaction__fee__Amount"
        >
          0.01 DARK
        </span>
      </div>
    </td>
  </tr>
</div>
`;
