// Jest Snapshot v1, https://goo.gl/fbAQLP

exports[`Footer should match snapshot 1`] = `
<div>
  <tr
    class="TableRow__TableRowStyled-sc-1p89o19-0 iIKWLH"
    data-testid="TableRow"
  >
    <td
      class="sm:pt-3 sm:pb-3"
    >
      <div
        class="TableCell__TableCellInnerWrapper-sc-12y9mmp-0 dbZfon justify-end sm:justify-start"
      >
        <a
          class="text-green-dark hover:text-green-darkest active:text-green-light font-semibold hover:underline"
          href="https://explorer.ark.io/transaction/77a740c7517ae164b35e4e28da7251543d9d98e34e90d3baf604fc582159c352"
        >
          <span
            class="table-cell lg:table-cell sm:hidden"
          >
            77a74...9c352
          </span>
          <div
            class="sc-bdfBwQ iyevwF hidden lg:hidden sm:table-cell"
            height="20"
            width="20"
          >
            <svg>
              txid.svg
            </svg>
          </div>
        </a>
      </div>
    </td>
    <td>
      <div
        class="TableCell__TableCellInnerWrapper-sc-12y9mmp-0 dbZfon justify-end sm:justify-start sm:border-l border-theme-secondary-300 pl-5 pr-5"
      >
        AReY3...EVPN4
      </div>
    </td>
    <td>
      <div
        class="TableCell__TableCellInnerWrapper-sc-12y9mmp-0 dbZfon justify-end sm:justify-start sm:border-l border-theme-secondary-300"
      >
        Adzbh...gETuW
      </div>
    </td>
    <td
      class="hidden xl:table-cell"
    >
      <div
        class="TableCell__TableCellInnerWrapper-sc-12y9mmp-0 dbZfon justify-end sm:justify-center sm:border-l border-theme-secondary-300"
      >
        2021-04-01T11:41:20.000Z
      </div>
    </td>
    <td>
      <div
        class="TableCell__TableCellInnerWrapper-sc-12y9mmp-0 dbZfon justify-end sm:border-l border-theme-secondary-300"
      >
        <span
          class="sm:hidden lg:table-cell"
        >
          1800000000.00000000 DARK
        </span>
        <span
          class="hidden lg:hidden sm:table-cell"
        >
          1800000000.00 DARK
        </span>
      </div>
    </td>
    <td
      class="hidden lg:table-cell"
    >
      <div
        class="TableCell__TableCellInnerWrapper-sc-12y9mmp-0 dbZfon justify-end sm:border-l border-theme-secondary-300"
      >
        18.00000000 DARK
      </div>
    </td>
  </tr>
</div>
`;
