// Jest Snapshot v1, https://goo.gl/fbAQLP

exports[`TableRow should render with border 1`] = `
<div>
  <table>
    <tbody>
      <tr>
        <td>
          <div
            class="TableCell__TableCellInnerWrapper-sc-12y9mmp-0 dbZfon"
          >
            1
          </div>
        </td>
      </tr>
    </tbody>
  </table>
</div>
`;
