// Jest Snapshot v1, https://goo.gl/fbAQLP

exports[`Routing should match snapshot 1`] = `
<div>
  <label
    class="text-black-dark"
    for="fee"
  >
    Fee
  </label>
  <section>
    <input
      class="p-4 text-gray-darkest hover:border-green-darkest border-gray-darkest border border-solid rounded-full w-full focus:outline-none"
      placeholder="currency: DARK"
      role="textbox"
      value="currency: DARK"
    />
    <div
      class="FeeInput__SliderWrapper-sc-1tci9nq-0 kMhBBq"
    >
      <input
        id="fee"
        max="5"
        min="0"
        name="fee"
        role="slider"
        step="0.00000001"
        type="range"
        value="0"
      />
    </div>
  </section>
</div>
`;
